// Vitest Snapshot v1, https://vitest.dev/guide/snapshot.html

exports[`generateTerrain > is deterministic for a goal seed and has a complete unlock order 1`] = `
{
  "count": 197,
  "kinds": {
    "forest": 107,
    "moss": 21,
    "river": 16,
    "rock": 28,
    "village": 2,
    "water": 20,
    "waterfall": 3,
  },
  "sample": [
    {
      "elevation": -0.1,
      "height": 0.45,
      "kind": "forest",
      "unlockOrder": 141,
      "x": -5,
      "z": -6,
    },
    {
      "elevation": 0.14,
      "height": 0.62,
      "kind": "forest",
      "unlockOrder": 155,
      "x": 0,
      "z": -5,
    },
    {
      "elevation": 0.61,
      "height": 0.42,
      "kind": "moss",
      "unlockOrder": 163,
      "x": 3,
      "z": -4,
    },
    {
      "elevation": 1.06,
      "height": 0.71,
      "kind": "forest",
      "unlockOrder": 87,
      "x": 4,
      "z": -3,
    },
    {
      "elevation": 1.38,
      "height": 0.53,
      "kind": "rock",
      "unlockOrder": 93,
      "x": 4,
      "z": -2,
    },
    {
      "elevation": 1.55,
      "height": 0.41,
      "kind": "forest",
      "unlockOrder": 82,
      "x": 4,
      "z": -1,
    },
    {
      "elevation": 1.2,
      "height": 0.77,
      "kind": "river",
      "unlockOrder": 51,
      "x": 4,
      "z": 0,
    },
    {
      "elevation": 0.78,
      "height": 0.41,
      "kind": "water",
      "unlockOrder": 88,
      "x": 4,
      "z": 1,
    },
    {
      "elevation": 1.14,
      "height": 0.81,
      "kind": "forest",
      "unlockOrder": 117,
      "x": 4,
      "z": 2,
    },
    {
      "elevation": 0.24,
      "height": 0.43,
      "kind": "water",
      "unlockOrder": 17,
      "x": 4,
      "z": 3,
    },
    {
      "elevation": -0.44,
      "height": 0.45,
      "kind": "water",
      "unlockOrder": 180,
      "x": 5,
      "z": 4,
    },
    {
      "elevation": 0.57,
      "height": 0.4,
      "kind": "forest",
      "unlockOrder": 60,
      "x": -4,
      "z": 6,
    },
  ],
}
`;
